// Jest Snapshot v1, https://goo.gl/fbAQLP

exports[`CARD it should match the snapshot 1`] = `
ShallowWrapper {
  "length": 1,
  Symbol(enzyme.__root__): [Circular],
  Symbol(enzyme.__unrendered__): <Card
    data={
        Object {
            "2004": 0.4,
            "2005": 0.5,
            "2006": 0.75,
            "2007": 0.8,
          }
    }
    id="HOLLERADO"
    location="COLORADO"
    selectCard={[Function]}
/>,
  Symbol(enzyme.__renderer__): Object {
    "batchedUpdates": [Function],
    "getNode": [Function],
    "render": [Function],
    "simulateEvent": [Function],
    "unmount": [Function],
  },
  Symbol(enzyme.__node__): Object {
    "instance": null,
    "key": undefined,
    "nodeType": "host",
    "props": Object {
      "children": Array [
        <h4>
          COLORADO
</h4>,
        <ul>
          <li
                    className="lowFive"
          >
                    2004: 0.4
          </li>
          <li
                    className="highFive"
          >
                    2005: 0.5
          </li>
          <li
                    className="highFive"
          >
                    2006: 0.75
          </li>
          <li
                    className="highFive"
          >
                    2007: 0.8
          </li>
</ul>,
      ],
      "className": undefined,
      "id": "COLORADO",
      "onClick": [Function],
    },
    "ref": null,
    "rendered": Array [
      Object {
        "instance": null,
        "key": undefined,
        "nodeType": "host",
        "props": Object {
          "children": "COLORADO",
        },
        "ref": null,
        "rendered": "COLORADO",
        "type": "h4",
      },
      Object {
        "instance": null,
        "key": undefined,
        "nodeType": "host",
        "props": Object {
          "children": Array [
            <li
              className="lowFive"
>
              2004: 0.4
</li>,
            <li
              className="highFive"
>
              2005: 0.5
</li>,
            <li
              className="highFive"
>
              2006: 0.75
</li>,
            <li
              className="highFive"
>
              2007: 0.8
</li>,
          ],
        },
        "ref": null,
        "rendered": Array [
          Object {
            "instance": null,
            "key": undefined,
            "nodeType": "host",
            "props": Object {
              "children": "2004: 0.4",
              "className": "lowFive",
            },
            "ref": null,
            "rendered": "2004: 0.4",
            "type": "li",
          },
          Object {
            "instance": null,
            "key": undefined,
            "nodeType": "host",
            "props": Object {
              "children": "2005: 0.5",
              "className": "highFive",
            },
            "ref": null,
            "rendered": "2005: 0.5",
            "type": "li",
          },
          Object {
            "instance": null,
            "key": undefined,
            "nodeType": "host",
            "props": Object {
              "children": "2006: 0.75",
              "className": "highFive",
            },
            "ref": null,
            "rendered": "2006: 0.75",
            "type": "li",
          },
          Object {
            "instance": null,
            "key": undefined,
            "nodeType": "host",
            "props": Object {
              "children": "2007: 0.8",
              "className": "highFive",
            },
            "ref": null,
            "rendered": "2007: 0.8",
            "type": "li",
          },
        ],
        "type": "ul",
      },
    ],
    "type": "article",
  },
  Symbol(enzyme.__nodes__): Array [
    Object {
      "instance": null,
      "key": undefined,
      "nodeType": "host",
      "props": Object {
        "children": Array [
          <h4>
            COLORADO
</h4>,
          <ul>
            <li
                        className="lowFive"
            >
                        2004: 0.4
            </li>
            <li
                        className="highFive"
            >
                        2005: 0.5
            </li>
            <li
                        className="highFive"
            >
                        2006: 0.75
            </li>
            <li
                        className="highFive"
            >
                        2007: 0.8
            </li>
</ul>,
        ],
        "className": undefined,
        "id": "COLORADO",
        "onClick": [Function],
      },
      "ref": null,
      "rendered": Array [
        Object {
          "instance": null,
          "key": undefined,
          "nodeType": "host",
          "props": Object {
            "children": "COLORADO",
          },
          "ref": null,
          "rendered": "COLORADO",
          "type": "h4",
        },
        Object {
          "instance": null,
          "key": undefined,
          "nodeType": "host",
          "props": Object {
            "children": Array [
              <li
                className="lowFive"
>
                2004: 0.4
</li>,
              <li
                className="highFive"
>
                2005: 0.5
</li>,
              <li
                className="highFive"
>
                2006: 0.75
</li>,
              <li
                className="highFive"
>
                2007: 0.8
</li>,
            ],
          },
          "ref": null,
          "rendered": Array [
            Object {
              "instance": null,
              "key": undefined,
              "nodeType": "host",
              "props": Object {
                "children": "2004: 0.4",
                "className": "lowFive",
              },
              "ref": null,
              "rendered": "2004: 0.4",
              "type": "li",
            },
            Object {
              "instance": null,
              "key": undefined,
              "nodeType": "host",
              "props": Object {
                "children": "2005: 0.5",
                "className": "highFive",
              },
              "ref": null,
              "rendered": "2005: 0.5",
              "type": "li",
            },
            Object {
              "instance": null,
              "key": undefined,
              "nodeType": "host",
              "props": Object {
                "children": "2006: 0.75",
                "className": "highFive",
              },
              "ref": null,
              "rendered": "2006: 0.75",
              "type": "li",
            },
            Object {
              "instance": null,
              "key": undefined,
              "nodeType": "host",
              "props": Object {
                "children": "2007: 0.8",
                "className": "highFive",
              },
              "ref": null,
              "rendered": "2007: 0.8",
              "type": "li",
            },
          ],
          "type": "ul",
        },
      ],
      "type": "article",
    },
  ],
  Symbol(enzyme.__options__): Object {
    "adapter": ReactSixteenAdapter {
      "options": Object {
        "enableComponentDidUpdateOnSetState": true,
      },
    },
  },
}
`;
